<Equipments>
    <EquipmentSet pool="0" civilian="true" id="vlandia_troop_civilian_template_t4"/>
</Equipments>
