<Equipments>
    <EquipmentSet pool="0" siege="true" id="vlandia_troop_siege_template_t4"/>
</Equipments>
